// Jest Snapshot v1, https://goo.gl/fbAQLP

exports[`<PasswordChecker /> renders correctly 1`] = `
<div
  className="form card-form-inputs password-strength-meter active"
>
  <div
    className="input-field col s12"
  >
    <div
      className="password-strength-meter-wrapper"
    >
      <progress
        className="password-strength-meter-progress strength-Strong"
        max="4"
        value={4}
      />
    </div>
  </div>
</div>
`;
