// Jest Snapshot v1, https://goo.gl/fbAQLP

exports[`<Login /> renders correctly 1`] = `
<div
  className="container"
>
  <div
    className="row"
  >
    <div
      className="col s8 push-s2 mt-5"
    >
      <div
        className="card"
      >
        <div
          className="card-content center-align"
        >
          <div
            className="card-title center-align"
          >
            Zaloguj siÄ™ przy pomocy konta Google
          </div>
          <button
            className="blue accent-4 btn"
            onClick={[Function]}
          >
            Zaloguj
          </button>
        </div>
      </div>
    </div>
  </div>
</div>
`;
